Write #1 at 2025-07-04 22:13:45
Write #2 at 2025-07-04 22:13:50
Write #3 at 2025-07-04 22:13:55
Write #4 at 2025-07-04 22:14:00
Write #5 at 2025-07-04 22:14:05
Write #6 at 2025-07-04 22:14:10
Write #7 at 2025-07-04 22:14:15
Write #8 at 2025-07-04 22:14:20
Write #9 at 2025-07-04 22:14:25
Write #10 at 2025-07-04 22:14:30
Write #11 at 2025-07-04 22:14:35
Write #12 at 2025-07-04 22:14:40
Write #13 at 2025-07-04 22:14:45
Write #14 at 2025-07-04 22:14:50
Write #15 at 2025-07-04 22:14:55
Write #16 at 2025-07-04 22:15:00
Write #17 at 2025-07-04 22:15:05
Write #18 at 2025-07-04 22:15:10
Write #19 at 2025-07-04 22:15:15
Write #20 at 2025-07-04 22:15:20
Write #21 at 2025-07-04 22:15:25
Write #22 at 2025-07-04 22:15:30
Write #23 at 2025-07-04 22:15:35
Write #24 at 2025-07-04 22:15:40

Completed 24 writes in 115.12 seconds
